=== 2026-07-21T22:19:47+00:00 node=trainium-2 LNC=2 NPROC=4 COLL=reduce_scatter ===
=== coll=reduce_scatter WS=4 LNC=2 NKI_LNC=2 host=ip-10-2-12-189 ===
2026-Jul-21 22:20:11.591711 3075951:3076008  WARN   NRT:nrta_tensor_write                       nrta_tensor_write currently uses a synchronous implementation underneath. Asynchronous tensor I/O will be added in a future runtime release.  (this log repeats as INFO level)
2026-Jul-21 22:20:21.436408 3075953:3076064  WARN   NRT:nrta_tensor_write                       nrta_tensor_write currently uses a synchronous implementation underneath. Asynchronous tensor I/O will be added in a future runtime release.  (this log repeats as INFO level)
2026-Jul-21 22:20:21.440227 3075950:3076088  WARN   NRT:nrta_tensor_write                       nrta_tensor_write currently uses a synchronous implementation underneath. Asynchronous tensor I/O will be added in a future runtime release.  (this log repeats as INFO level)
2026-Jul-21 22:20:21.440634 3075952:3076104  WARN   NRT:nrta_tensor_write                       nrta_tensor_write currently uses a synchronous implementation underneath. Asynchronous tensor I/O will be added in a future runtime release.  (this log repeats as INFO level)
  size_bytes  per_rank_elem      fw_us     nki_us  fw_tput_GBps  nki_tput_GBps  fw_busbw_GBps  nki_busbw_GBps  speedup
2026-Jul-21 22:20:27.5314182026-Jul-21 22:20:27.531438 3075950:3076088  WARN   NRT:nrta_tensor_copy                        2026-Jul-21 22:20:27.5314522026-Jul-21 22:20:27.531456 3075952:3076104  WARN   NRT:nrta_tensor_copy                        nrta_tensor_copy currently uses a synchronous implementation underneath. Asynchronous tensor I/O will be added in a future runti 3075953:3076064  WARN   NRT:nrta_tensor_copy                         3075951:3076008  WARN   NRT:nrta_tensor_copy                        nrta_tensor_copy currently uses a synchronous implementation underneath. Asynchronous tensor I/O will be added in a future runtime release.  (this log repeats as INFO level)nrta_tensor_copy currently uses a synchronous implementation underneath. Asynchronous tensor I/O will be added in a future runtinrta_tensor_copy currently uses a synchronous implementation underneath. Asynchronous tensor I/O will be added in a future runtime release.  (this log repeats as INFO level)
me release.  (this log repeats as INFO level)me release.  (this log repeats as INFO level)


        2048            128      521.3      144.5         0.004          0.014          0.003           0.011     3.61
        4096            256      526.8      146.2         0.008          0.028          0.006           0.021     3.60
        8192            512      520.9      149.2         0.016          0.055          0.012           0.041     3.49
       16384           1024      520.1      144.9         0.032          0.113          0.024           0.085     3.59
       32768           2048      522.2      142.7         0.063          0.230          0.047           0.172     3.66
       65536           4096      567.7      144.9         0.115          0.452          0.087           0.339     3.92
      131072           8192      518.9      144.4         0.253          0.908          0.189           0.681     3.59
      262144          16384      541.2      146.7         0.484          1.787          0.363           1.340     3.69
      524288          32768      526.9      151.0         0.995          3.471          0.746           2.603     3.49
     1048576          65536      541.1      150.4         1.938          6.971          1.453           5.228     3.60
     2097152         131072      514.2      155.5         4.079         13.490          3.059          10.117     3.31
     4194304         262144      523.6      166.5         8.010         25.193          6.007          18.895     3.15
     8388608         524288      529.2      182.3        15.851         46.018         11.888          34.514     2.90
    16777216        1048576      538.0      270.5        31.186         62.028         23.390          46.521     1.99
=== exit=0 ===
