=== 2026-07-21T22:18:16+00:00 node=trainium-2 LNC=2 NPROC=4 COLL=all_gather ===
=== coll=all_gather WS=4 LNC=2 NKI_LNC=2 host=ip-10-2-12-189 ===
2026-Jul-21 22:18:41.378714 3073433:3073491  WARN   NRT:nrta_tensor_write                       nrta_tensor_write currently uses a synchronous implementation underneath. Asynchronous tensor I/O will be added in a future runtime release.  (this log repeats as INFO level)
2026-Jul-21 22:18:41.380376 3073431:3073513  WARN   NRT:nrta_tensor_write                       nrta_tensor_write currently uses a synchronous implementation underneath. Asynchronous tensor I/O will be added in a future runtime release.  (this log repeats as INFO level)
2026-Jul-21 22:18:41.382199 3073432:3073532  WARN   NRT:nrta_tensor_write                       nrta_tensor_write currently uses a synchronous implementation underneath. Asynchronous tensor I/O will be added in a future runtime release.  (this log repeats as INFO level)
2026-Jul-21 22:18:41.425638 3073434:3073553  WARN   NRT:nrta_tensor_write                       nrta_tensor_write currently uses a synchronous implementation underneath. Asynchronous tensor I/O will be added in a future runtime release.  (this log repeats as INFO level)
  size_bytes  per_rank_elem      fw_us     nki_us  fw_tput_GBps  nki_tput_GBps  fw_busbw_GBps  nki_busbw_GBps  speedup
2026-Jul-21 22:18:46.510432 3073431:3073513  WARN   NRT:nrta_tensor_copy                        2026-Jul-21 22:18:46.510475nrta_tensor_copy currently uses a synchronous implementation underneath. Asynchronous tensor I/O will be added in a future runti 3073434:3073553  WARN   NRT:nrta_tensor_copy                        me release.  (this log repeats as INFO level)nrta_tensor_copy currently uses a synchronous implementation underneath. Asynchronous tensor I/O will be added in a future runti
me release.  (this log repeats as INFO level)
2026-Jul-21 22:18:46.511013 3073433:3073491  WARN   NRT:nrta_tensor_copy                        2026-Jul-21 22:18:46.511041nrta_tensor_copy currently uses a synchronous implementation underneath. Asynchronous tensor I/O will be added in a future runti 3073432:3073532  WARN   NRT:nrta_tensor_copy                        me release.  (this log repeats as INFO level)nrta_tensor_copy currently uses a synchronous implementation underneath. Asynchronous tensor I/O will be added in a future runti
me release.  (this log repeats as INFO level)
         512            128      485.1      140.3         0.004          0.015          0.003           0.011     3.46
        1024            256      467.8      139.7         0.009          0.029          0.007           0.022     3.35
        2048            512      472.1      144.6         0.017          0.057          0.013           0.042     3.27
        4096           1024      462.3      142.8         0.035          0.115          0.027           0.086     3.24
        8192           2048      473.0      140.7         0.069          0.233          0.052           0.175     3.36
       16384           4096      466.2      144.1         0.141          0.455          0.105           0.341     3.23
       32768           8192      466.2      141.8         0.281          0.924          0.211           0.693     3.29
       65536          16384      486.5      141.9         0.539          1.847          0.404           1.385     3.43
      131072          32768      464.1      145.7         1.130          3.599          0.847           2.699     3.19
      262144          65536      485.7      146.7         2.159          7.148          1.619           5.361     3.31
      524288         131072      482.5      150.0         4.346         13.981          3.260          10.486     3.22
     1048576         262144      469.6      161.8         8.932         25.931          6.699          19.448     2.90
     2097152         524288      474.9      172.3        17.664         48.675         13.248          36.506     2.76
     4194304        1048576      484.2      257.4        34.649         65.190         25.987          48.892     1.88
=== exit=0 ===
