=== 2026-07-21T22:16:17+00:00 node=trainium-2 LNC=2 NPROC=4 COLL=all_reduce ===
=== coll=all_reduce WS=4 LNC=2 NKI_LNC=2 host=ip-10-2-12-189 ===
2026-Jul-21 22:16:39.843900 3069508:3069555  WARN   NRT:nrta_tensor_write                       nrta_tensor_write currently uses a synchronous implementation underneath. Asynchronous tensor I/O will be added in a future runtime release.  (this log repeats as INFO level)
2026-Jul-21 22:16:48.6507102026-Jul-21 22:16:48.650759 3069511:3069626  WARN   NRT:nrta_tensor_write                        3069510:3069629  WARN   NRT:nrta_tensor_write                       nrta_tensor_write currently uses a synchronous implementation underneath. Asynchronous tensor I/O will be added in a future runtnrta_tensor_write currently uses a synchronous implementation underneath. Asynchronous tensor I/O will be added in a future runtime release.  (this log repeats as INFO level)ime release.  (this log repeats as INFO level)

2026-Jul-21 22:16:48.653813 3069509:3069650  WARN   NRT:nrta_tensor_write                       nrta_tensor_write currently uses a synchronous implementation underneath. Asynchronous tensor I/O will be added in a future runtime release.  (this log repeats as INFO level)
  size_bytes  per_rank_elem      fw_us     nki_us  fw_tput_GBps  nki_tput_GBps  fw_busbw_GBps  nki_busbw_GBps  speedup
2026-Jul-21 22:16:58.1373332026-Jul-21 22:16:58.1373422026-Jul-21 22:16:58.137354 3069509:3069650  WARN   NRT:nrta_tensor_copy                        2026-Jul-21 22:16:58.137386 3069510:3069629  WARN   NRT:nrta_tensor_copy                         3069508:3069555  WARN   NRT:nrta_tensor_copy                        nrta_tensor_copy currently uses a synchronous implementation underneath. Asynchronous tensor I/O will be added in a future runti 3069511:3069626  WARN   NRT:nrta_tensor_copy                        nrta_tensor_copy currently uses a synchronous implementation underneath. Asynchronous tensor I/O will be added in a future runtinrta_tensor_copy currently uses a synchronous implementation underneath. Asynchronous tensor I/O will be added in a future runtime release.  (this log repeats as INFO level)nrta_tensor_copy currently uses a synchronous implementation underneath. Asynchronous tensor I/O will be added in a future runtime release.  (this log repeats as INFO level)me release.  (this log repeats as INFO level)
me release.  (this log repeats as INFO level)


         512            128      888.9      145.9         0.001          0.007          0.001           0.005     6.09
        1024            256      915.1      142.6         0.002          0.014          0.002           0.011     6.42
        2048            512      915.9      142.7         0.004          0.029          0.003           0.022     6.42
        4096           1024      965.4      142.5         0.008          0.057          0.006           0.043     6.77
        8192           2048      888.0      142.5         0.018          0.115          0.014           0.086     6.23
       16384           4096      933.4      143.6         0.035          0.228          0.026           0.171     6.50
       32768           8192      811.0      149.1         0.081          0.439          0.061           0.330     5.44
       65536          16384      872.7      145.6         0.150          0.900          0.113           0.675     5.99
      131072          32768      834.5      153.2         0.314          1.711          0.236           1.283     5.45
      262144          65536      935.8      149.0         0.560          3.518          0.420           2.639     6.28
      524288         131072      888.1      149.6         1.181          7.011          0.886           5.258     5.94
     1048576         262144      933.0      157.5         2.248         13.316          1.686           9.987     5.92
     2097152         524288      955.0      161.5         4.392         25.977          3.294          19.483     5.92
     4194304        1048576      909.0      177.4         9.228         47.278          6.921          35.458     5.12
=== exit=0 ===
