======================== FRAMEWORK (all_reduce, LNC=2 WS=4) ========================
2026-Jul-22 02:00:03.504607 3750302:3750353  WARN   NRT:nrta_tensor_write                       nrta_tensor_write currently uses a synchronous implementation underneath. Asynchronous tensor I/O will be added in a future runtime release.  (this log repeats as INFO level)
2026-Jul-22 02:00:03.553605 3750303:3750374  WARN   NRT:nrta_tensor_write                       nrta_tensor_write currently uses a synchronous implementation underneath. Asynchronous tensor I/O will be added in a future runtime release.  (this log repeats as INFO level)
2026-Jul-22 02:00:03.572773 3750301:3750412  WARN   NRT:nrta_tensor_write                       nrta_tensor_write currently uses a synchronous implementation underneath. Asynchronous tensor I/O will be added in a future runtime release.  (this log repeats as INFO level)
2026-Jul-22 02:00:03.572888 3750300:3750405  WARN   NRT:nrta_tensor_write                       nrta_tensor_write currently uses a synchronous implementation underneath. Asynchronous tensor I/O will be added in a future runtime release.  (this log repeats as INFO level)

---- Performance of all_reduce on 4 devices ---------------------------------------------------------
Size (Bytes)         Description               Duration (us)        Throughput (GBps)    BusBW (GBps)        
----------------------------------------------------------------------------------------------------
2026-Jul-22 02:00:04.9318452026-Jul-22 02:00:04.9318522026-Jul-22 02:00:04.9318622026-Jul-22 02:00:04.931868 3750303:3750374  WARN   NRT:nrta_tensor_copy                         3750302:3750353  WARN   NRT:nrta_tensor_copy                         3750301:3750412  WARN   NRT:nrta_tensor_copy                         3750300:3750405  WARN   NRT:nrta_tensor_copy                        nrta_tensor_copy currently uses a synchronous implementation underneath. Asynchronous tensor I/O will be added in a future runtinrta_tensor_copy currently uses a synchronous implementation underneath. Asynchronous tensor I/O will be added in a future runtinrta_tensor_copy currently uses a synchronous implementation underneath. Asynchronous tensor I/O will be added in a future runtinrta_tensor_copy currently uses a synchronous implementation underneath. Asynchronous tensor I/O will be added in a future runtime release.  (this log repeats as INFO level)me release.  (this log repeats as INFO level)me release.  (this log repeats as INFO level)me release.  (this log repeats as INFO level)



32                   8x4                       887.944              0.000                0.000               
64                   16x4                      892.934              0.000                0.000               
128                  32x4                      903.642              0.000                0.000               
256                  64x4                      814.054              0.001                0.000               
512                  128x4                     883.359              0.001                0.001               
1024                 256x4                     937.342              0.002                0.002               
2048                 512x4                     913.141              0.004                0.003               
4096                 1024x4                    914.807              0.009                0.007               
8192                 2048x4                    895.338              0.018                0.014               
16384                4096x4                    880.475              0.037                0.028               
32768                8192x4                    889.564              0.074                0.055               
65536                16384x4                   914.951              0.143                0.107               
131072               32768x4                   946.371              0.277                0.208               
262144               65536x4                   880.349              0.596                0.447               
524288               131072x4                  906.179              1.157                0.868               
1048576              262144x4                  899.276              2.332                1.749               
2097152              524288x4                  852.569              4.920                3.690               
4194304              1048576x4                 922.426              9.094                6.821               
8388608              2097152x4                 910.491              18.427               13.820              

======================== NKI path (--use-nki, LNC=2 WS=4) ========================
2026-Jul-22 02:00:23.428338 3750788:3750846  WARN   NRT:nrta_tensor_write                       nrta_tensor_write currently uses a synchronous implementation underneath. Asynchronous tensor I/O will be added in a future runtime release.  (this log repeats as INFO level)
2026-Jul-22 02:00:23.428746 3750790:3750854  WARN   NRT:nrta_tensor_write                       nrta_tensor_write currently uses a synchronous implementation underneath. Asynchronous tensor I/O will be added in a future runtime release.  (this log repeats as INFO level)
2026-Jul-22 02:00:23.476448 3750789:3750877  WARN   NRT:nrta_tensor_write                       nrta_tensor_write currently uses a synchronous implementation underneath. Asynchronous tensor I/O will be added in a future runtime release.  (this log repeats as INFO level)
2026-Jul-22 02:00:31.964103 3750787:3750907  WARN   NRT:nrta_tensor_write                       nrta_tensor_write currently uses a synchronous implementation underneath. Asynchronous tensor I/O will be added in a future runtime release.  (this log repeats as INFO level)

---- Performance of all_reduce on 4 devices ---------------------------------------------------------
Size (Bytes)         Description               Duration (us)        Throughput (GBps)    BusBW (GBps)        
----------------------------------------------------------------------------------------------------
2026-Jul-22 02:00:32.4530442026-Jul-22 02:00:32.4530472026-Jul-22 02:00:32.4530602026-Jul-22 02:00:32.453075 3750788:3750846  WARN   NRT:nrta_tensor_copy                         3750790:3750854  WARN   NRT:nrta_tensor_copy                         3750789:3750877  WARN   NRT:nrta_tensor_copy                         3750787:3750907  WARN   NRT:nrta_tensor_copy                        nrta_tensor_copy currently uses a synchronous implementation underneath. Asynchronous tensor I/O will be added in a future runtinrta_tensor_copy currently uses a synchronous implementation underneath. Asynchronous tensor I/O will be added in a future runtinrta_tensor_copy currently uses a synchronous implementation underneath. Asynchronous tensor I/O will be added in a future runtinrta_tensor_copy currently uses a synchronous implementation underneath. Asynchronous tensor I/O will be added in a future runtime release.  (this log repeats as INFO level)me release.  (this log repeats as INFO level)me release.  (this log repeats as INFO level)me release.  (this log repeats as INFO level)



32                   8x4                       871.162              0.000                0.000               
64                   16x4                      894.762              0.000                0.000               
128                  32x4                      882.679              0.000                0.000               
256                  64x4                      882.232              0.001                0.000               
512                  128x4                     143.154              0.007                0.005               
1024                 256x4                     146.537              0.014                0.010               
2048                 512x4                     143.194              0.029                0.021               
4096                 1024x4                    145.791              0.056                0.042               
8192                 2048x4                    144.811              0.113                0.085               
16384                4096x4                    143.603              0.228                0.171               
32768                8192x4                    144.105              0.455                0.341               
65536                16384x4                   148.179              0.885                0.663               
131072               32768x4                   146.151              1.794                1.345               
262144               65536x4                   147.162              3.563                2.672               
524288               131072x4                  153.747              6.820                5.115               
1048576              262144x4                  155.210              13.512               10.134              
2097152              524288x4                  166.339              25.215               18.912              
4194304              1048576x4                 179.577              46.713               35.035              
8388608              2097152x4                 234.264              71.617               53.713              
=== exit=0 ===
