2026-Jul-21 18:34:01.645756 2979796:2979992  WARN   NRT:nrta_tensor_write                       nrta_tensor_write currently uses a synchronous implementation underneath. Asynchronous tensor I/O will be added in a future runtime release.  (this log repeats as INFO level)
2026-Jul-21 18:34:04.990586 2979796:2979992  WARN   NRT:nrta_tensor_read                        nrta_tensor_read currently uses a synchronous implementation underneath. Asynchronous tensor I/O will be added in a future runtime release.  (this log repeats as INFO level)
======================================================================
LNC=1 NKI_LNC_DEGREE=1
nki: 0.4.0+25407465723.g29063adb torch_neuronx: 2.11.3.0.1278+5013c208
======================================================================

--- Test: Reference DMA-only (no collective) ---
  Reference DMA-only (no collective): PASS (got 5.0)

--- Test: with_all_reduce single-rank ---
  with_all_reduce single-rank: FAIL: RuntimeError: NRT Execution error occurred on Neuron for operation=nki_kernel_global
error message="NRT EXECUTION FAILED: Failed to load model, Invalid NEFF, instruction, or input"
Note: Neuron errors are reported 

--- Test: with_all_gather single-rank ---
  with_all_gather single-rank: FAIL: RuntimeError: NRT Execution error occurred on Neuron for operation=nki_kernel_global
error message="NRT EXECUTION FAILED: Failed to load model, Invalid NEFF, instruction, or input"
Note: Neuron errors are reported 

--- Test: with_reduce_scatter single-rank ---
  with_reduce_scatter single-rank: FAIL: RuntimeError: NRT Execution error occurred on Neuron for operation=nki_kernel_global
error message="NRT EXECUTION FAILED: Failed to load model, Invalid NEFF, instruction, or input"
Note: Neuron errors are reported 

--- Test: with_all_to_all single-rank ---
  with_all_to_all single-rank: FAIL: RuntimeError: NRT Execution error occurred on Neuron for operation=nki_kernel_global
error message="NRT EXECUTION FAILED: Failed to load model, Invalid NEFF, instruction, or input"
Note: Neuron errors are reported 
