=== 2026-07-21T18:21:19+00:00 node=trainium-2 LNC=1 ===
2026-Jul-21 18:22:20.452072 2977890:2978085  WARN   NRT:nrta_tensor_write                       nrta_tensor_write currently uses a synchronous implementation underneath. Asynchronous tensor I/O will be added in a future runtime release.  (this log repeats as INFO level)
2026-Jul-21 18:22:37.994944 2977890:2978085  WARN   NRT:nrta_tensor_read                        nrta_tensor_read currently uses a synchronous implementation underneath. Asynchronous tensor I/O will be added in a future runtime release.  (this log repeats as INFO level)
======================================================================
nki version: 0.4.0+25407465723.g29063adb
torch_neuronx version: 2.11.3.0.1278+5013c208
NEURON_LOGICAL_NC_CONFIG: 1
NKI_LNC_DEGREE (used as kernel[lnc]): 1
======================================================================

Test 1: Trivial NKI copy kernel under LNC=2
  Test 1 result: got 7.0, expected 7.0 -- PASS

Test 2: fg_allgather (Beta 3-shipped nkilib) under LNC=2, single rank
  fine_grained_allgather imported: Kernel(func=<function fine_grained_allgather at 0x6f9a98365800>, lnc=1, schedule=(), address_rotation=True)
  kernel[1] object: Kernel(func=<function fine_grained_allgather at 0x6f9a98365800>, lnc=1, schedule=(), address_rotation=True)
  Skipping actual invocation (would need multi-rank setup)

Test 3: 2.31 all_reduce_hbm_kernel under LNC=2, single rank
  imported: Kernel(func=<function all_reduce_hbm_kernel at 0x6f9a983662a0>, lnc=1, schedule=(), address_rotation=True)
  Test 3 FAILED: RuntimeError
  Error message (first 500 chars): NRT Execution error occurred on Neuron for operation=nki_kernel_global
error message="NRT EXECUTION FAILED: Failed to load model, Invalid NEFF, instruction, or input"
Note: Neuron errors are reported asynchronously. The Python traceback shows where the
error was detected (synchronization point), not necessarily where the failing operation
was dispatched. For synchronous error reporting, set NEURON_LAUNCH_BLOCKING=1.
=== exit=0 ===
