=== 2026-07-21T18:23:47+00:00 node=trainium-2 LNC=2 ===
2026-Jul-21 18:24:08.462142 2978294:2978424  WARN   NRT:nrta_tensor_write                       nrta_tensor_write currently uses a synchronous implementation underneath. Asynchronous tensor I/O will be added in a future runtime release.  (this log repeats as INFO level)
2026-Jul-21 18:24:13.030767 2978294:2978424  WARN   NRT:nrta_tensor_read                        nrta_tensor_read currently uses a synchronous implementation underneath. Asynchronous tensor I/O will be added in a future runtime release.  (this log repeats as INFO level)
======================================================================
nki version: 0.4.0+25407465723.g29063adb
torch_neuronx version: 2.11.3.0.1278+5013c208
NEURON_LOGICAL_NC_CONFIG: 2
NKI_LNC_DEGREE (used as kernel[lnc]): 2
======================================================================

Test 1: Trivial NKI copy kernel under LNC=2
  Test 1 result: got 7.0, expected 7.0 -- PASS

Test 2: fg_allgather (Beta 3-shipped nkilib) under LNC=2, single rank
  fine_grained_allgather imported: Kernel(func=<function fine_grained_allgather at 0x7022305f5080>, lnc=1, schedule=(), address_rotation=True)
  kernel[2] object: Kernel(func=<function fine_grained_allgather at 0x7022305f5080>, lnc=2, schedule=(), address_rotation=True)
  Skipping actual invocation (would need multi-rank setup)

Test 3: 2.31 all_reduce_hbm_kernel under LNC=2, single rank
  imported: Kernel(func=<function all_reduce_hbm_kernel at 0x7022305f62a0>, lnc=1, schedule=(), address_rotation=True)
  Test 3 FAILED: RuntimeError
  Error message (first 500 chars): Compilation error occurred on Neuron for operation=nki_kernel_global;
error message="COMPILATION FAILED: 2026-07-21T18:24:15Z Non-signal exit. Backend exited with code 1 and stderr: [INTERNAL_ERROR] [NCC_ILLC059] Could not find MemoryLocation named inst__I-3-0:src on core 1 - Please open a support ticket at https://github.com/aws-neuron/aws-neuron-sdk/issues/new. You may also be able to obtain more information using the 'XLA_IR_DEBUG' and 'XLA_HLO_DEBUG' environment variables."
neff cache key=nk
=== exit=0 ===
