[W721 17:00:36.474411214 OperatorEntry.cpp:208] Warning: Warning only once for all operators,  other operators may also be overridden.
  Overriding a previously registered kernel for the same operator and the same dispatch key
  operator: aten::gather.out(Tensor self, int dim, Tensor index, *, bool sparse_grad=False, Tensor(a!) out) -> Tensor(a!)
    registered at /pytorch/build/aten/src/ATen/RegisterSchema.cpp:6
  dispatch key: PrivateUse1
  previous kernel: registered at /pytorch/build/aten/src/ATen/RegisterCPU_3.cpp:7637
       new kernel: registered at NeuronDispatcher.cpp:0 (function operator())
W0721 17:00:36.310000 31685 workspace/native_venv/lib/python3.12/site-packages/torch/distributed/run.py:851] 
W0721 17:00:36.310000 31685 workspace/native_venv/lib/python3.12/site-packages/torch/distributed/run.py:851] *****************************************
W0721 17:00:36.310000 31685 workspace/native_venv/lib/python3.12/site-packages/torch/distributed/run.py:851] Setting OMP_NUM_THREADS environment variable for each process to be 1 in default, to avoid your system being overloaded, please further tune the variable for optimal performance in your application as needed. 
W0721 17:00:36.310000 31685 workspace/native_venv/lib/python3.12/site-packages/torch/distributed/run.py:851] *****************************************
[W721 17:00:38.640923072 OperatorEntry.cpp:208] Warning: Warning only once for all operators,  other operators may also be overridden.
  Overriding a previously registered kernel for the same operator and the same dispatch key
  operator: aten::gather.out(Tensor self, int dim, Tensor index, *, bool sparse_grad=False, Tensor(a!) out) -> Tensor(a!)
    registered at /pytorch/build/aten/src/ATen/RegisterSchema.cpp:6
  dispatch key: PrivateUse1
  previous kernel: registered at /pytorch/build/aten/src/ATen/RegisterCPU_3.cpp:7637
       new kernel: registered at NeuronDispatcher.cpp:0 (function operator())
[W721 17:00:38.641191794 OperatorEntry.cpp:208] Warning: Warning only once for all operators,  other operators may also be overridden.
  Overriding a previously registered kernel for the same operator and the same dispatch key
  operator: aten::gather.out(Tensor self, int dim, Tensor index, *, bool sparse_grad=False, Tensor(a!) out) -> Tensor(a!)
    registered at /pytorch/build/aten/src/ATen/RegisterSchema.cpp:6
  dispatch key: PrivateUse1
  previous kernel: registered at /pytorch/build/aten/src/ATen/RegisterCPU_3.cpp:7637
       new kernel: registered at NeuronDispatcher.cpp:0 (function operator())
[W721 17:00:38.641676349 OperatorEntry.cpp:208] Warning: Warning only once for all operators,  other operators may also be overridden.
  Overriding a previously registered kernel for the same operator and the same dispatch key
  operator: aten::gather.out(Tensor self, int dim, Tensor index, *, bool sparse_grad=False, Tensor(a!) out) -> Tensor(a!)
    registered at /pytorch/build/aten/src/ATen/RegisterSchema.cpp:6
  dispatch key: PrivateUse1
  previous kernel: registered at /pytorch/build/aten/src/ATen/RegisterCPU_3.cpp:7637
       new kernel: registered at NeuronDispatcher.cpp:0 (function operator())
[W721 17:00:38.641741687 OperatorEntry.cpp:208] Warning: Warning only once for all operators,  other operators may also be overridden.
  Overriding a previously registered kernel for the same operator and the same dispatch key
  operator: aten::gather.out(Tensor self, int dim, Tensor index, *, bool sparse_grad=False, Tensor(a!) out) -> Tensor(a!)
    registered at /pytorch/build/aten/src/ATen/RegisterSchema.cpp:6
  dispatch key: PrivateUse1
  previous kernel: registered at /pytorch/build/aten/src/ATen/RegisterCPU_3.cpp:7637
       new kernel: registered at NeuronDispatcher.cpp:0 (function operator())
rank=0/4 local_rank=0 lnc=2 host=ip-172-31-21-199
rank=1/4 local_rank=1 lnc=2 host=ip-172-31-21-199
rank=2/4 local_rank=2 lnc=2 host=ip-172-31-21-199
rank=3/4 local_rank=3 lnc=2 host=ip-172-31-21-199
2026-Jul-21 17:00:46.0014 31701:31701 [1] int nccl_net_ofi_create_plugin(nccl_net_ofi_plugin_t**):232 CCOM WARN NET/OFI Failed to initialize rdma protocol
2026-Jul-21 17:00:46.0017 31701:31701 [1] int nccl_net_ofi_create_plugin(nccl_net_ofi_plugin_t**):376 CCOM WARN NET/OFI aws-ofi-nccl initialization failed
2026-Jul-21 17:00:46.0019 31701:31701 [1] ncclResult_t nccl_net_ofi_init(ncclDebugLogger_t):78 CCOM WARN NET/OFI Initializing plugin failed
2026-Jul-21 17:00:46.0022 31701:31701 [1] net_plugin.cc:97 CCOM WARN OFI plugin initNet() failed is EFA enabled?
2026-Jul-21 17:00:46.0029 31703:31703 [3] int nccl_net_ofi_create_plugin(nccl_net_ofi_plugin_t**):232 CCOM WARN NET/OFI Failed to initialize rdma protocol
2026-Jul-21 17:00:46.0031 31703:31703 [3] int nccl_net_ofi_create_plugin(nccl_net_ofi_plugin_t**):376 CCOM WARN NET/OFI aws-ofi-nccl initialization failed
2026-Jul-21 17:00:46.0033 31703:31703 [3] ncclResult_t nccl_net_ofi_init(ncclDebugLogger_t):78 CCOM WARN NET/OFI Initializing plugin failed
2026-Jul-21 17:00:46.0035 31703:31703 [3] net_plugin.cc:97 CCOM WARN OFI plugin initNet() failed is EFA enabled?
2026-Jul-21 17:00:46.0080 31700:31700 [0] int nccl_net_ofi_create_plugin(nccl_net_ofi_plugin_t**):232 CCOM WARN NET/OFI Failed to initialize rdma protocol
2026-Jul-21 17:00:46.0082 31700:31700 [0] int nccl_net_ofi_create_plugin(nccl_net_ofi_plugin_t**):376 CCOM WARN NET/OFI aws-ofi-nccl initialization failed
2026-Jul-21 17:00:46.0084 31700:31700 [0] ncclResult_t nccl_net_ofi_init(ncclDebugLogger_t):78 CCOM WARN NET/OFI Initializing plugin failed
2026-Jul-21 17:00:46.0086 31700:31700 [0] net_plugin.cc:97 CCOM WARN OFI plugin initNet() failed is EFA enabled?
2026-Jul-21 17:00:54.0932 31702:31702 [2] int nccl_net_ofi_create_plugin(nccl_net_ofi_plugin_t**):232 CCOM WARN NET/OFI Failed to initialize rdma protocol
2026-Jul-21 17:00:54.0934 31702:31702 [2] int nccl_net_ofi_create_plugin(nccl_net_ofi_plugin_t**):376 CCOM WARN NET/OFI aws-ofi-nccl initialization failed
2026-Jul-21 17:00:54.0937 31702:31702 [2] ncclResult_t nccl_net_ofi_init(ncclDebugLogger_t):78 CCOM WARN NET/OFI Initializing plugin failed
2026-Jul-21 17:00:54.0939 31702:31702 [2] net_plugin.cc:97 CCOM WARN OFI plugin initNet() failed is EFA enabled?
[rank1]: Traceback (most recent call last):
[rank1]:   File "/home/ubuntu/smoke_nki_allreduce.py", line 94, in <module>
[rank1]:     main()
[rank1]:   File "/home/ubuntu/smoke_nki_allreduce.py", line 47, in main
[rank1]:     torch.neuron.synchronize()
[rank1]:   File "/home/ubuntu/workspace/torch_neuron_eager/torch_neuronx/neuron.py", line 290, in synchronize
[rank1]:     torch_neuronx.synchronize(device)
[rank1]:   File "/home/ubuntu/workspace/torch_neuron_eager/torch_neuronx/__init__.py", line 495, in synchronize
[rank1]:     _C._neuron_synchronize(device_index)
[rank1]:   File "/home/ubuntu/workspace/native_venv/lib/python3.12/site-packages/torch/_dynamo/eval_frame.py", line 1263, in _fn
[rank1]:     return fn(*args, **kwargs)
[rank1]:            ^^^^^^^^^^^^^^^^^^^
[rank1]: RuntimeError: Compilation error occurred on Neuron for operation=nki_kernel_global;
[rank1]: error message="COMPILATION FAILED: 2026-07-21T17:00:56Z Non-signal exit. Backend exited with code 1 and stderr: [INTERNAL_ERROR] [NCC_ILLC059] Could not find MemoryLocation named inst__I-3-0:src on core 1 - Please open a support ticket at https://github.com/aws-neuron/aws-neuron-sdk/issues/new. You may also be able to obtain more information using the 'XLA_IR_DEBUG' and 'XLA_HLO_DEBUG' environment variables."
[rank1]: neff cache key=nki_21_all_reduce_hbm_kernel_26037897bcfec75a_(('replica_group', ReplicaGroup(_value=[[0, 1, 2, 3]])),)_[]_((torch.Size([128, 512]), torch.float32),):df828ddbe83ff929b1fe9de94a6409b5bdb33e3e05ce1526677382e7f89d1440
[rank1]: Note: Neuron errors are reported asynchronously. The Python traceback shows where the
[rank1]: error was detected (synchronization point), not necessarily where the failing operation
[rank1]: was dispatched. For synchronous error reporting, set NEURON_LAUNCH_BLOCKING=1.
W0721 17:00:57.241000 31685 workspace/native_venv/lib/python3.12/site-packages/torch/distributed/elastic/multiprocessing/api.py:1012] Sending process 31700 closing signal SIGTERM
W0721 17:00:57.241000 31685 workspace/native_venv/lib/python3.12/site-packages/torch/distributed/elastic/multiprocessing/api.py:1012] Sending process 31702 closing signal SIGTERM
W0721 17:00:57.242000 31685 workspace/native_venv/lib/python3.12/site-packages/torch/distributed/elastic/multiprocessing/api.py:1012] Sending process 31703 closing signal SIGTERM
E0721 17:00:57.606000 31685 workspace/native_venv/lib/python3.12/site-packages/torch/distributed/elastic/multiprocessing/api.py:986] failed (exitcode: 1) local_rank: 1 (pid: 31701) of binary: /home/ubuntu/workspace/native_venv/bin/python3
Traceback (most recent call last):
  File "/home/ubuntu/workspace/native_venv/bin/torchrun", line 10, in <module>
    sys.exit(main())
             ^^^^^^
  File "/home/ubuntu/workspace/native_venv/lib/python3.12/site-packages/torch/distributed/elastic/multiprocessing/errors/__init__.py", line 362, in wrapper
    return f(*args, **kwargs)
           ^^^^^^^^^^^^^^^^^^
  File "/home/ubuntu/workspace/native_venv/lib/python3.12/site-packages/torch/distributed/run.py", line 990, in main
    run(args)
  File "/home/ubuntu/workspace/native_venv/lib/python3.12/site-packages/torch/distributed/run.py", line 981, in run
    elastic_launch(
  File "/home/ubuntu/workspace/native_venv/lib/python3.12/site-packages/torch/distributed/launcher/api.py", line 170, in __call__
    return launch_agent(self._config, self._entrypoint, list(args))
           ^^^^^^^^^^^^^^^^^^^^^^^^^^^^^^^^^^^^^^^^^^^^^^^^^^^^^^^^
  File "/home/ubuntu/workspace/native_venv/lib/python3.12/site-packages/torch/distributed/launcher/api.py", line 317, in launch_agent
    raise ChildFailedError(
torch.distributed.elastic.multiprocessing.errors.ChildFailedError: 
============================================================
/home/ubuntu/smoke_nki_allreduce.py FAILED
------------------------------------------------------------
Failures:
[1]:
  time      : 2026-07-21_17:00:57
  host      : ip-172-31-21-199.sa-east-1.compute.internal
  rank      : 0 (local_rank: 0)
  exitcode  : -15 (pid: 31700)
  error_file: <N/A>
  traceback : Signal 15 (SIGTERM) received by PID 31700
[2]:
  time      : 2026-07-21_17:00:57
  host      : ip-172-31-21-199.sa-east-1.compute.internal
  rank      : 2 (local_rank: 2)
  exitcode  : -15 (pid: 31702)
  error_file: <N/A>
  traceback : Signal 15 (SIGTERM) received by PID 31702
[3]:
  time      : 2026-07-21_17:00:57
  host      : ip-172-31-21-199.sa-east-1.compute.internal
  rank      : 3 (local_rank: 3)
  exitcode  : -15 (pid: 31703)
  error_file: <N/A>
  traceback : Signal 15 (SIGTERM) received by PID 31703
------------------------------------------------------------
Root Cause (first observed failure):
[0]:
  time      : 2026-07-21_17:00:57
  host      : ip-172-31-21-199.sa-east-1.compute.internal
  rank      : 1 (local_rank: 1)
  exitcode  : 1 (pid: 31701)
  error_file: <N/A>
  traceback : To enable traceback see: https://pytorch.org/docs/stable/elastic/errors.html
============================================================
