[W721 17:05:44.760706673 OperatorEntry.cpp:208] Warning: Warning only once for all operators,  other operators may also be overridden.
  Overriding a previously registered kernel for the same operator and the same dispatch key
  operator: aten::gather.out(Tensor self, int dim, Tensor index, *, bool sparse_grad=False, Tensor(a!) out) -> Tensor(a!)
    registered at /pytorch/build/aten/src/ATen/RegisterSchema.cpp:6
  dispatch key: PrivateUse1
  previous kernel: registered at /pytorch/build/aten/src/ATen/RegisterCPU_3.cpp:7637
       new kernel: registered at NeuronDispatcher.cpp:0 (function operator())
W0721 17:05:44.596000 34723 workspace/native_venv/lib/python3.12/site-packages/torch/distributed/run.py:851] 
W0721 17:05:44.596000 34723 workspace/native_venv/lib/python3.12/site-packages/torch/distributed/run.py:851] *****************************************
W0721 17:05:44.596000 34723 workspace/native_venv/lib/python3.12/site-packages/torch/distributed/run.py:851] Setting OMP_NUM_THREADS environment variable for each process to be 1 in default, to avoid your system being overloaded, please further tune the variable for optimal performance in your application as needed. 
W0721 17:05:44.596000 34723 workspace/native_venv/lib/python3.12/site-packages/torch/distributed/run.py:851] *****************************************
[W721 17:05:46.836929378 OperatorEntry.cpp:208] Warning: Warning only once for all operators,  other operators may also be overridden.
  Overriding a previously registered kernel for the same operator and the same dispatch key
  operator: aten::gather.out(Tensor self, int dim, Tensor index, *, bool sparse_grad=False, Tensor(a!) out) -> Tensor(a!)
    registered at /pytorch/build/aten/src/ATen/RegisterSchema.cpp:6
  dispatch key: PrivateUse1
  previous kernel: registered at /pytorch/build/aten/src/ATen/RegisterCPU_3.cpp:7637
       new kernel: registered at NeuronDispatcher.cpp:0 (function operator())
[W721 17:05:46.837017640 OperatorEntry.cpp:208] Warning: Warning only once for all operators,  other operators may also be overridden.
  Overriding a previously registered kernel for the same operator and the same dispatch key
  operator: aten::gather.out(Tensor self, int dim, Tensor index, *, bool sparse_grad=False, Tensor(a!) out) -> Tensor(a!)
    registered at /pytorch/build/aten/src/ATen/RegisterSchema.cpp:6
  dispatch key: PrivateUse1
  previous kernel: registered at /pytorch/build/aten/src/ATen/RegisterCPU_3.cpp:7637
       new kernel: registered at NeuronDispatcher.cpp:0 (function operator())
[W721 17:05:46.837519935 OperatorEntry.cpp:208] Warning: Warning only once for all operators,  other operators may also be overridden.
  Overriding a previously registered kernel for the same operator and the same dispatch key
  operator: aten::gather.out(Tensor self, int dim, Tensor index, *, bool sparse_grad=False, Tensor(a!) out) -> Tensor(a!)
    registered at /pytorch/build/aten/src/ATen/RegisterSchema.cpp:6
  dispatch key: PrivateUse1
  previous kernel: registered at /pytorch/build/aten/src/ATen/RegisterCPU_3.cpp:7637
       new kernel: registered at NeuronDispatcher.cpp:0 (function operator())
[W721 17:05:46.837915384 OperatorEntry.cpp:208] Warning: Warning only once for all operators,  other operators may also be overridden.
  Overriding a previously registered kernel for the same operator and the same dispatch key
  operator: aten::gather.out(Tensor self, int dim, Tensor index, *, bool sparse_grad=False, Tensor(a!) out) -> Tensor(a!)
    registered at /pytorch/build/aten/src/ATen/RegisterSchema.cpp:6
  dispatch key: PrivateUse1
  previous kernel: registered at /pytorch/build/aten/src/ATen/RegisterCPU_3.cpp:7637
       new kernel: registered at NeuronDispatcher.cpp:0 (function operator())
rank=1/4 local_rank=1 lnc=2 host=ip-172-31-21-199
rank=2/4 local_rank=2 lnc=2 host=ip-172-31-21-199
rank=0/4 local_rank=0 lnc=2 host=ip-172-31-21-199
rank=3/4 local_rank=3 lnc=2 host=ip-172-31-21-199
2026-Jul-21 17:05:51.833280 34738:34767  WARN   NRT:nrta_tensor_write                       nrta_tensor_write API requires Trn2 and asynchronous IO support in the Neuron driver. Please upgrade aws-neuronx-dkms on Trn2. Now falling back to synchronous IO.  (this log repeats as INFO level)
2026-Jul-21 17:05:51.881331 34741:34788  WARN   NRT:nrta_tensor_write                       nrta_tensor_write API requires Trn2 and asynchronous IO support in the Neuron driver. Please upgrade aws-neuronx-dkms on Trn2. Now falling back to synchronous IO.  (this log repeats as INFO level)
2026-Jul-21 17:05:52.0021 34738:34738 [0] int nccl_net_ofi_create_plugin(nccl_net_ofi_plugin_t**):273 CCOM WARN NET/OFI Failed to initialize rdma protocol
2026-Jul-21 17:05:52.0024 34738:34738 [0] int nccl_net_ofi_create_plugin(nccl_net_ofi_plugin_t**):416 CCOM WARN NET/OFI aws-ofi-nccl initialization failed
2026-Jul-21 17:05:52.0026 34738:34738 [0] ncclResult_t nccl_net_ofi_init(ncclDebugLogger_t):78 CCOM WARN NET/OFI Initializing plugin failed
2026-Jul-21 17:05:52.0028 34738:34738 [0] net_plugin.cc:104 CCOM WARN OFI plugin initNet() failed is EFA enabled?
2026-Jul-21 17:05:52.0078 34741:34741 [3] int nccl_net_ofi_create_plugin(nccl_net_ofi_plugin_t**):273 CCOM WARN NET/OFI Failed to initialize rdma protocol
2026-Jul-21 17:05:52.0080 34741:34741 [3] int nccl_net_ofi_create_plugin(nccl_net_ofi_plugin_t**):416 CCOM WARN NET/OFI aws-ofi-nccl initialization failed
2026-Jul-21 17:05:52.0083 34741:34741 [3] ncclResult_t nccl_net_ofi_init(ncclDebugLogger_t):78 CCOM WARN NET/OFI Initializing plugin failed
2026-Jul-21 17:05:52.0085 34741:34741 [3] net_plugin.cc:104 CCOM WARN OFI plugin initNet() failed is EFA enabled?
2026-Jul-21 17:06:02.760284 34740:34841  WARN   NRT:nrta_tensor_write                       nrta_tensor_write API requires Trn2 and asynchronous IO support in the Neuron driver. Please upgrade aws-neuronx-dkms on Trn2. Now falling back to synchronous IO.  (this log repeats as INFO level)
2026-Jul-21 17:06:02.761439 34739:34860  WARN   NRT:nrta_tensor_write                       nrta_tensor_write API requires Trn2 and asynchronous IO support in the Neuron driver. Please upgrade aws-neuronx-dkms on Trn2. Now falling back to synchronous IO.  (this log repeats as INFO level)
2026-Jul-21 17:06:02.0954 34739:34739 [1] int nccl_net_ofi_create_plugin(nccl_net_ofi_plugin_t**):273 CCOM WARN NET/OFI Failed to initialize rdma protocol
2026-Jul-21 17:06:02.0956 34740:34740 [2] int nccl_net_ofi_create_plugin(nccl_net_ofi_plugin_t**):273 CCOM WARN NET/OFI Failed to initialize rdma protocol
2026-Jul-21 17:06:02.0956 34739:34739 [1] int nccl_net_ofi_create_plugin(nccl_net_ofi_plugin_t**):416 CCOM WARN NET/OFI aws-ofi-nccl initialization failed
2026-Jul-21 17:06:02.0958 34740:34740 [2] int nccl_net_ofi_create_plugin(nccl_net_ofi_plugin_t**):416 CCOM WARN NET/OFI aws-ofi-nccl initialization failed
2026-Jul-21 17:06:02.0960 34739:34739 [1] ncclResult_t nccl_net_ofi_init(ncclDebugLogger_t):78 CCOM WARN NET/OFI Initializing plugin failed
2026-Jul-21 17:06:02.0962 34740:34740 [2] ncclResult_t nccl_net_ofi_init(ncclDebugLogger_t):78 CCOM WARN NET/OFI Initializing plugin failed
2026-Jul-21 17:06:02.0964 34739:34739 [1] net_plugin.cc:104 CCOM WARN OFI plugin initNet() failed is EFA enabled?
2026-Jul-21 17:06:02.0966 34740:34740 [2] net_plugin.cc:104 CCOM WARN OFI plugin initNet() failed is EFA enabled?
2026-Jul-21 17:06:05.734977 34739:34860  WARN   NRT:nrta_tensor_copy                        nrta_tensor_copy API requires Trn2 and asynchronous IO support in the Neuron driver. Please upgrade aws-neuronx-dkms on Trn2. Now falling back to synchronous IO.  (this log repeats as INFO level)
2026-Jul-21 17:06:05.734987 34738:34767  WARN   NRT:nrta_tensor_copy                        nrta_tensor_copy API requires Trn2 and asynchronous IO support in the Neuron driver. Please upgrade aws-neuronx-dkms on Trn2. Now falling back to synchronous IO.  (this log repeats as INFO level)
2026-Jul-21 17:06:05.734983 34740:34841  WARN   NRT:nrta_tensor_copy                        nrta_tensor_copy API requires Trn2 and asynchronous IO support in the Neuron driver. Please upgrade aws-neuronx-dkms on Trn2. Now falling back to synchronous IO.  (this log repeats as INFO level)
2026-Jul-21 17:06:05.734996 34741:34788  WARN   NRT:nrta_tensor_copy                        nrta_tensor_copy API requires Trn2 and asynchronous IO support in the Neuron driver. Please upgrade aws-neuronx-dkms on Trn2. Now falling back to synchronous IO.  (this log repeats as INFO level)
2026-Jul-21 17:06:05.735170 34740:34841  WARN   NRT:nrta_tensor_read                        nrta_tensor_read API requires Trn2 and asynchronous IO support in the Neuron driver. Please upgrade aws-neuronx-dkms on Trn2. Now falling back to synchronous IO.  (this log repeats as INFO level)
2026-Jul-21 17:06:05.735169 34739:34860  WARN   NRT:nrta_tensor_read                        nrta_tensor_read API requires Trn2 and asynchronous IO support in the Neuron driver. Please upgrade aws-neuronx-dkms on Trn2. Now falling back to synchronous IO.  (this log repeats as INFO level)
2026-Jul-21 17:06:05.735170 34738:34767  WARN   NRT:nrta_tensor_read                        nrta_tensor_read API requires Trn2 and asynchronous IO support in the Neuron driver. Please upgrade aws-neuronx-dkms on Trn2. Now falling back to synchronous IO.  (this log repeats as INFO level)
2026-Jul-21 17:06:05.735271 34741:34788  WARN   NRT:nrta_tensor_read                        nrta_tensor_read API requires Trn2 and asynchronous IO support in the Neuron driver. Please upgrade aws-neuronx-dkms on Trn2. Now falling back to synchronous IO.  (this log repeats as INFO level)
[rank0]: Traceback (most recent call last):
[rank0]:   File "/home/ubuntu/smoke_nki_allreduce.py", line 94, in <module>
[rank0]:     main()
[rank0]:   File "/home/ubuntu/smoke_nki_allreduce.py", line 47, in main
[rank0]:     torch.neuron.synchronize()
[rank0]:   File "/home/ubuntu/workspace/torch_neuron_eager/torch_neuronx/neuron.py", line 290, in synchronize
[rank0]:     torch_neuronx.synchronize(device)
[rank0]:   File "/home/ubuntu/workspace/torch_neuron_eager/torch_neuronx/__init__.py", line 495, in synchronize
[rank0]:     _C._neuron_synchronize(device_index)
[rank0]:   File "/home/ubuntu/workspace/native_venv/lib/python3.12/site-packages/torch/_dynamo/eval_frame.py", line 1263, in _fn
[rank0]:     return fn(*args, **kwargs)
[rank0]:            ^^^^^^^^^^^^^^^^^^^
[rank0]: RuntimeError: Compilation error occurred on Neuron for operation=nki_kernel_global;
[rank0]: error message="COMPILATION FAILED: 2026-07-21T17:06:06Z Non-signal exit. Backend exited with code 1 and stderr: [INTERNAL_ERROR] [NCC_ILLC059] Could not find MemoryLocation named inst__I-3-0:src on core 1 - Please open a support ticket at https://github.com/aws-neuron/aws-neuron-sdk/issues/new. You may also be able to obtain more information using the 'XLA_IR_DEBUG' and 'XLA_HLO_DEBUG' environment variables."
[rank0]: neff cache key=nki_21_all_reduce_hbm_kernel_26037897bcfec75a_(('replica_group', ReplicaGroup(_value=[[0, 1, 2, 3]])),)_[]_((torch.Size([128, 512]), torch.float32),):71594b73376f8e697a481c153fc51db9820d579eba2e371e2083e92e7f5a2e7e
[rank0]: Note: Neuron errors are reported asynchronously. The Python traceback shows where the
[rank0]: error was detected (synchronization point), not necessarily where the failing operation
[rank0]: was dispatched. For synchronous error reporting, set NEURON_LAUNCH_BLOCKING=1.
W0721 17:06:07.801000 34723 workspace/native_venv/lib/python3.12/site-packages/torch/distributed/elastic/multiprocessing/api.py:1012] Sending process 34739 closing signal SIGTERM
W0721 17:06:07.802000 34723 workspace/native_venv/lib/python3.12/site-packages/torch/distributed/elastic/multiprocessing/api.py:1012] Sending process 34740 closing signal SIGTERM
W0721 17:06:07.802000 34723 workspace/native_venv/lib/python3.12/site-packages/torch/distributed/elastic/multiprocessing/api.py:1012] Sending process 34741 closing signal SIGTERM
E0721 17:06:08.116000 34723 workspace/native_venv/lib/python3.12/site-packages/torch/distributed/elastic/multiprocessing/api.py:986] failed (exitcode: 1) local_rank: 0 (pid: 34738) of binary: /home/ubuntu/workspace/native_venv/bin/python3
Traceback (most recent call last):
  File "/home/ubuntu/workspace/native_venv/bin/torchrun", line 10, in <module>
    sys.exit(main())
             ^^^^^^
  File "/home/ubuntu/workspace/native_venv/lib/python3.12/site-packages/torch/distributed/elastic/multiprocessing/errors/__init__.py", line 362, in wrapper
    return f(*args, **kwargs)
           ^^^^^^^^^^^^^^^^^^
  File "/home/ubuntu/workspace/native_venv/lib/python3.12/site-packages/torch/distributed/run.py", line 990, in main
    run(args)
  File "/home/ubuntu/workspace/native_venv/lib/python3.12/site-packages/torch/distributed/run.py", line 981, in run
    elastic_launch(
  File "/home/ubuntu/workspace/native_venv/lib/python3.12/site-packages/torch/distributed/launcher/api.py", line 170, in __call__
    return launch_agent(self._config, self._entrypoint, list(args))
           ^^^^^^^^^^^^^^^^^^^^^^^^^^^^^^^^^^^^^^^^^^^^^^^^^^^^^^^^
  File "/home/ubuntu/workspace/native_venv/lib/python3.12/site-packages/torch/distributed/launcher/api.py", line 317, in launch_agent
    raise ChildFailedError(
torch.distributed.elastic.multiprocessing.errors.ChildFailedError: 
============================================================
/home/ubuntu/smoke_nki_allreduce.py FAILED
------------------------------------------------------------
Failures:
[1]:
  time      : 2026-07-21_17:06:08
  host      : ip-172-31-21-199.sa-east-1.compute.internal
  rank      : 1 (local_rank: 1)
  exitcode  : -15 (pid: 34739)
  error_file: <N/A>
  traceback : Signal 15 (SIGTERM) received by PID 34739
[2]:
  time      : 2026-07-21_17:06:08
  host      : ip-172-31-21-199.sa-east-1.compute.internal
  rank      : 2 (local_rank: 2)
  exitcode  : -15 (pid: 34740)
  error_file: <N/A>
  traceback : Signal 15 (SIGTERM) received by PID 34740
[3]:
  time      : 2026-07-21_17:06:08
  host      : ip-172-31-21-199.sa-east-1.compute.internal
  rank      : 3 (local_rank: 3)
  exitcode  : -15 (pid: 34741)
  error_file: <N/A>
  traceback : Signal 15 (SIGTERM) received by PID 34741
------------------------------------------------------------
Root Cause (first observed failure):
[0]:
  time      : 2026-07-21_17:06:07
  host      : ip-172-31-21-199.sa-east-1.compute.internal
  rank      : 0 (local_rank: 0)
  exitcode  : 1 (pid: 34738)
  error_file: <N/A>
  traceback : To enable traceback see: https://pytorch.org/docs/stable/elastic/errors.html
============================================================
